Result 1
---------------
{
  "data": {
    "passwordChanged": {
      "login": "someLogin 1",
      "password": "someNewPassword"
    }
  }
}
---------------

Result 2
---------------
{
  "data": {
    "passwordChanged": {
      "login": "someLogin 2",
      "password": "someNewPassword"
    }
  }
}
---------------
